# serializer version: 1
# name: test_gfx942_dominant_golden
  list([
    dict({
      'basename': 'Cijk_Alik_Bljk_BBS_BH_Bias_A_S_UserArgs_MT128x32JACyUcuoh7sO0G15BhuQ7QxWtUeQyT2mRkqgfb25unw=',
      'err': 0,
    }),
    dict({
      'basename': 'Cijk_Alik_Bljk_BBS_BH_Bias_A_S_UserArgs_MT128x32YV6GjpOOowqr42UTSBdmG2lpwky91eJFdVcC8h7Xzd4=',
      'err': 0,
    }),
    dict({
      'basename': 'Cijk_Alik_Bljk_BBS_BH_Bias_A_S_UserArgs_MT64x16x2MLCeKH-GsFV_p4XATG8MNz8Dj1fok2bc84PKj53Lo8=',
      'err': 0,
    }),
    dict({
      'basename': 'Cijk_Alik_Bljk_BBS_BH_Bias_A_S_UserArgs_MT64x16xS0STepP-bOL5dlH3cxvgGmDg84QioFXlwfulJSNM-z0=',
      'err': 0,
    }),
  ])
# ---
