# serializer version: 1
# name: test_r2_shiftvector_golden
  list([
    dict({
      'basename': 'Cijk_Ailk_Bjlk_S_B_UserArgs_MT128x64x16_SN_LDSB0vmX4-WcG49AcrGdkyqtN5NzBoDQB3HS_BXqz7679mk4=',
      'err': 0,
    }),
    dict({
      'basename': 'Cijk_Ailk_Bjlk_S_B_UserArgs_MT64x128x16_SN_LDSB0wmz4t1jzHaj12PhITIMmOIAr2Y-MlSz8yxIQubvnN1w=',
      'err': 0,
    }),
    dict({
      'basename': 'Cijk_Ailk_Bjlk_S_B_UserArgs_MT64x64x16_SN_LDSB0__TRUZxDp29c3oYMWfMeaUa1SGH7bkyS-eepzr8Y0LyA=',
      'err': 0,
    }),
  ])
# ---
