# serializer version: 1
# name: test_gfx942_gg_golden
  list([
    dict({
      'basename': 'Cijk_Ailk_Bljk_HHS_BH_Bias_GG_HA_S_UserArgs_MT122lJfUtgcgqNHoBrp-vTozMjrDcOcEa1yuVVv_pU0SFU=',
      'err': 0,
    }),
    dict({
      'basename': 'Cijk_Ailk_Bljk_HHS_BH_Bias_GG_HA_S_UserArgs_MT12PtHm55oo0oVz66OhOPGR7nFi-PMRh_loO7VRXfp5DGA=',
      'err': 0,
    }),
    dict({
      'basename': 'Cijk_Ailk_Bljk_HHS_BH_Bias_GG_HA_S_UserArgs_MT12XlVqmpqqhBSpt7QWVCr2z7Pu2SNsI6gDyDN_-Q7P3Ak=',
      'err': 0,
    }),
    dict({
      'basename': 'Cijk_Ailk_Bljk_HHS_BH_Bias_GG_HA_S_UserArgs_MT12k8h-TyPhCB8BY_RZHYqsAnbb3NtiM4TNr-d_Z0nD6nE=',
      'err': 0,
    }),
  ])
# ---
