# serializer version: 1
# name: test_r2_subtile_gfx950_golden
  list([
    dict({
      'basename': 'Cijk_Alik_Bljk_BBS_BH_UserArgs_MT128x128x64_MI16EL7h3ZbQJsvMtJ0UnR4kfJ09QV8Iq1dzZRUhTnKxc9I=',
      'err': 0,
    }),
    dict({
      'basename': 'Cijk_Alik_Bljk_BBS_BH_UserArgs_MT128x128x64_MI16sNPUjdOpu5msiHNeF6zXd5n7QjOzXx5bjkWd2FyO_OM=',
      'err': 0,
    }),
    dict({
      'basename': 'Cijk_Alik_Bljk_BBS_BH_UserArgs_MT128x64x64_MI16x4BxeC4SlPVoVxJaBEeA7t-4nZGSpy9KyJKXx5fnVOtE=',
      'err': 0,
    }),
    dict({
      'basename': 'Cijk_Alik_Bljk_BBS_BH_UserArgs_MT128x64x64_MI16xX0ABYkTRz48sKGiVop3wSe_f-1EtquhUW5RpKX7jxFE=',
      'err': 0,
    }),
    dict({
      'basename': 'Cijk_Alik_Bljk_BBS_BH_UserArgs_MT32x32x64_MI16x140uaxVoV8xR4s4UHLo57wXcMLE9XCcwqt8KaSssd6V0=',
      'err': 0,
    }),
    dict({
      'basename': 'Cijk_Alik_Bljk_BBS_BH_UserArgs_MT32x32x64_MI16x1C2lw1AGjZ2J7gi08lGdfD0RgXRz8COwta8dLtiUdsYM=',
      'err': 0,
    }),
    dict({
      'basename': 'Cijk_Alik_Bljk_BBS_BH_UserArgs_MT64x128x64_MI16xAsDlfivpqBCW5Xh_RFRvc6Z5Pflo4_cvvrbMkStR900=',
      'err': 0,
    }),
    dict({
      'basename': 'Cijk_Alik_Bljk_BBS_BH_UserArgs_MT64x128x64_MI16xp0DJQ5vxrKny2TOyLjrkyb_7EFKKsTAC_8V2x2U_4LQ=',
      'err': 0,
    }),
  ])
# ---
