# serializer version: 1
# name: test_gfx90a_dominant_golden
  list([
    dict({
      'basename': 'Cijk_Alik_Bljk_BBS_BH_Bias_HA_S_UserArgs_MT128x37-tIwpmdZHAGw0AyBwa_4lSbssae5-6aDXuzUjFNvQw=',
      'err': 0,
    }),
    dict({
      'basename': 'Cijk_Alik_Bljk_BBS_BH_Bias_HA_S_UserArgs_MT64x1675NDkm6_odNVaIyOaPHLKxi2jCf2tcAWWUf9L3RFlcY=',
      'err': 0,
    }),
  ])
# ---
