# serializer version: 1
# name: test_gfx950_dtl_golden
  list([
    dict({
      'basename': 'Cijk_Alik_Bljk_S_B_UserArgs_MT16x16x32_MI16x16x186fGnMiOJOZM8q--0jWbysszjiVbNdIV2L2Y59EPK9s=',
      'err': 0,
    }),
    dict({
      'basename': 'Cijk_Alik_Bljk_S_B_UserArgs_MT16x16x32_MI16x16x1MV-KOM1e9xO6AR3BJvu7alz3okgOhFbkNQfqNrgFPB0=',
      'err': 0,
    }),
    dict({
      'basename': 'Cijk_Alik_Bljk_S_B_UserArgs_MT16x16x32_MI16x16x1hSpuCxYU4YvlrH3JfUjGFTwAu0MxBiO-W5P10nWZlME=',
      'err': 0,
    }),
    dict({
      'basename': 'Cijk_Alik_Bljk_S_B_UserArgs_MT16x16x32_MI16x16x1vUj5siBerz1V-n-y2U11BtvjZcVP1qRie7sEn-yFSa0=',
      'err': 0,
    }),
  ])
# ---
