# serializer version: 1
# name: test_r3_subtile_lr_fp8_gfx950_golden
  list([
    dict({
      'basename': 'Cijk_Alik_Bljk_F8SS_BH_UserArgs_MT128x128x256_MISJhfkGOM_LzznPGqHAFxwR60zHaJ_0QtubMCaumHZ8c=',
      'err': 0,
    }),
    dict({
      'basename': 'Cijk_Alik_Bljk_F8SS_BH_UserArgs_MT64x64x256_MI16VQE8vablR9BeR8bmyMsBQHlC6NGzvTg3bMpjT5hkvvY=',
      'err': 0,
    }),
  ])
# ---
