# serializer version: 1
# name: test_gfx1100_emit_digests
  list([
    dict({
      'file': 'DB.yaml',
      'kernels': list([
        dict({
          'basename': 'Cijk_Ailk_Bjlk_D_B_UserArgs_MT16x16x16_SN_LDSB0_jVyggMAKLNhIJ3GHu3O_JlBcBt0LNRTeGa8ngP9kQEg=',
          'err': 0,
        }),
        dict({
          'basename': 'Cijk_Ailk_Bjlk_D_B_UserArgs_MT16x16x8_SN_LDSB0_AinYY9xHMHLh5hRFYnka8n_XjzWehqlcR7aNIzE_hmIg=',
          'err': 0,
        }),
        dict({
          'basename': 'Cijk_Ailk_Bjlk_D_B_UserArgs_MT8x8x16_SN_LDSB0_AFmErPQciCYz_gK3UDWPl5jHZiRBW3m5xHjYh6o_q_4E8=',
          'err': 0,
        }),
        dict({
          'basename': 'Cijk_Ailk_Bjlk_D_B_UserArgs_MT8x8x8_SN_LDSB0_AFCWDKDLb0K8Knx0lgbTMUE-4Xdw575MOLSZefeZVoEu6Q=',
          'err': 0,
        }),
      ]),
    }),
    dict({
      'file': 'HSS.yaml',
      'kernels': list([
        dict({
          'basename': 'Cijk_Alik_Bljk_HSS_BH_Bias_HA_S_SAV_UserArgs_MT3jxpcIuMc7rLB3mgkcYyHssSNCtTBkb1dsJV1t-Kq9is=',
          'err': 0,
        }),
        dict({
          'basename': 'Cijk_Alik_Bljk_HSS_BH_Bias_HA_S_SAV_UserArgs_MT9Jtq8NgnMA5Y7r_i5y-bHWmZcDdRk4Vbh9WuO7WMh324=',
          'err': 0,
        }),
        dict({
          'basename': 'Cijk_Alik_Bljk_HSS_BH_Bias_HA_S_SAV_UserArgs_MT9unSjMo48jqo78zR-NZUiKh3chqgHlOGt3RoDb_8h71c=',
          'err': 0,
        }),
      ]),
    }),
    dict({
      'file': 'SB.yaml',
      'kernels': list([
        dict({
          'basename': 'Cijk_Ailk_Bjlk_S_B_Bias_HA_S_SAV_UserArgs_MT16x1BdvJJ4dZfRxpJjAxL7HmxqjFW9aiyJ26xa9fScBtRXc=',
          'err': 0,
        }),
        dict({
          'basename': 'Cijk_Ailk_Bjlk_S_B_Bias_HA_S_SAV_UserArgs_MT16x1mxudZ-dlE6gRvjC5QHH-ePO6wBwMTHWtoW5S-V5nHGo=',
          'err': 0,
        }),
        dict({
          'basename': 'Cijk_Ailk_Bjlk_S_B_Bias_HA_S_SAV_UserArgs_MT8x8xYhoqEPI7oOLNJsJoEfx5ozaASk7Tgr-2_SI7US-EWdw=',
          'err': 0,
        }),
        dict({
          'basename': 'Cijk_Ailk_Bjlk_S_B_Bias_HA_S_SAV_UserArgs_MT8x8xj43yMzvq0C3LqB7jBnBC654wOqcuMcgrIz4x8ljNmCc=',
          'err': 0,
        }),
      ]),
    }),
  ])
# ---
