# serializer version: 1
# name: test_r2_wgm_gfx942_golden
  list([
    dict({
      'basename': 'Cijk_Alik_Bljk_BBS_BH_Bias_A_S_UserArgs_MT64x16xHAaaMUTXFTpi-iJ9e35OTqPOiyzpaXmGTh8h2ZMteew=',
      'err': 0,
    }),
    dict({
      'basename': 'Cijk_Alik_Bljk_BBS_BH_Bias_A_S_UserArgs_MT64x16xLlRF5Gygf_0qnJ0w8rZmtDWV2LoOu1ga_CHNwfe2FKU=',
      'err': 0,
    }),
    dict({
      'basename': 'Cijk_Alik_Bljk_BBS_BH_Bias_A_S_UserArgs_MT64x16xWWGTuS1YaVEA0g6pr3ipsSd5y_0Sn9SpkifCb-SDwwo=',
      'err': 0,
    }),
    dict({
      'basename': 'Cijk_Alik_Bljk_BBS_BH_Bias_A_S_UserArgs_MT64x16xlkYOoKwZ0YF34OD6IJe9_7CVmZG11dc4AkaJTv_rk9k=',
      'err': 0,
    }),
    dict({
      'basename': 'Cijk_Alik_Bljk_BBS_BH_Bias_A_S_UserArgs_MT64x16xoibvcO4b_AacfEnfBAm8EOSdzCRwAEt5ykOUAQ7CV-A=',
      'err': 0,
    }),
  ])
# ---
