# serializer version: 1
# name: test_gfx942_emit_digests
  list([
    dict({
      'file': 'BBS_BH_Bias_Act.yaml',
      'kernels': list([
        dict({
          'basename': 'Cijk_Ailk_Bljk_BBS_BH_Bias_HA_S_UserArgs_MT256x97Fe4FFRBn48fCcaOjC92WqNINj_mts7OTZ3qUqmunbc=',
          'err': 0,
        }),
      ]),
    }),
    dict({
      'file': 'DB.yaml',
      'kernels': list([
        dict({
          'basename': 'Cijk_Ailk_Bljk_D_B_UserArgs_MT16x16x16_MI16x16x1dL3qX5RxCOlCt0IavzKj9ZFv_4QAdB7-eUtmtNfgsEU=',
          'err': 0,
        }),
        dict({
          'basename': 'Cijk_Ailk_Bljk_D_B_UserArgs_MT16x16x8_MI16x16x1_BLePoc7d_ClpkGqPFPy4akeEbHytPY2KZcxTSfd_vpg=',
          'err': 0,
        }),
      ]),
    }),
    dict({
      'file': 'DTV.yaml',
      'kernels': list([
        dict({
          'basename': 'Cijk_Alik_Bljk_BBS_STA_BH_UserArgs_MT512x128x64_xwsrXfSE9CbMLV4XUyaBQVfXzq84ZGrJgxpdjEtdQlU=',
          'err': 0,
        }),
      ]),
    }),
    dict({
      'file': 'F8N_multi.yaml',
      'kernels': list([
        dict({
          'basename': 'Cijk_Alik_Bljk_F8NF8NS_BH_Bias_H_AuxH_AmaxD_HA_S1r2eiXTGu-BeINB9TozaMzH2W5Ofh7G93y2G3jgFQQk=',
          'err': 0,
        }),
        dict({
          'basename': 'Cijk_Alik_Bljk_F8NF8NS_BH_Bias_H_AuxH_AmaxD_HA_S4CGElzg0fgamtrNK9ACCu504Xjl-zrBg9bW9rYnhdig=',
          'err': 0,
        }),
        dict({
          'basename': 'Cijk_Alik_Bljk_F8NF8NS_BH_Bias_H_AuxH_AmaxD_HA_SOH4GivBu9PtOwaM5lu_itobACf5toizYVwWFnbbBM9A=',
          'err': 0,
        }),
        dict({
          'basename': 'Cijk_Alik_Bljk_F8NF8NS_BH_Bias_H_AuxH_AmaxD_HA_Sdrx5sNOzh7RUMI3eSeVY4KOYOf62pulh-zyIw6S9R8I=',
          'err': 0,
        }),
      ]),
    }),
    dict({
      'file': 'GG.yaml',
      'kernels': list([
        dict({
          'basename': 'Cijk_Ailk_Bjlk_HSS_BH_Bias_GG_HA_S_SAV_UserArgs_vITzNfYmiUOCRGzBHgf-OMjF23LFQ62fHGYq5pnT0IM=',
          'err': 0,
        }),
      ]),
    }),
    dict({
      'file': 'GSU.yaml',
      'kernels': list([
        dict({
          'basename': 'Cijk_Ailk_Bljk_D_B_UserArgs_MT16x16x16_MI16x16x1dL3qX5RxCOlCt0IavzKj9ZFv_4QAdB7-eUtmtNfgsEU=',
          'err': 0,
        }),
        dict({
          'basename': 'Cijk_Ailk_Bljk_D_B_UserArgs_MT16x16x8_MI16x16x1_BLePoc7d_ClpkGqPFPy4akeEbHytPY2KZcxTSfd_vpg=',
          'err': 0,
        }),
      ]),
    }),
    dict({
      'file': 'Grad.yaml',
      'kernels': list([
        dict({
          'basename': 'Cijk_Ailk_Bjlk_S_B_Bias_D_GradS_HA_S_SAV_UserArgSmQRW4Lzn_Mi_4Tyw3ZLm2bE2JXW7cyXBlRzcKFNdVs=',
          'err': 0,
        }),
      ]),
    }),
    dict({
      'file': 'HHS_BH_Bias_GG.yaml',
      'kernels': list([
        dict({
          'basename': 'Cijk_Ailk_Bjlk_HHS_BH_Bias_GG_HA_S_SAV_UserArgs_O5pbHsxhHDVSKZ7wu6TE_XSOGoLs-emLeoiHoNC80co=',
          'err': 0,
        }),
      ]),
    }),
    dict({
      'file': 'HSS_BH_Bias.yaml',
      'kernels': list([
        dict({
          'basename': 'Cijk_Alik_Bjlk_HSS_BH_Bias_HA_S_SAV_UserArgs_MT3CcVTdHcpjVTzuY2D4vYNI3Nab1gIvp-I-f6e6TUY8yU=',
          'err': 0,
        }),
      ]),
    }),
    dict({
      'file': 'LSU_MX.yaml',
      'kernels': list([
        dict({
          'basename': 'Cijk_Alik_Bjlk_S_MX_B_Bias_HA_S_SAV_UserArgs_MT1nuam_o97DX9CseOid8zDB7AGF7T5O4GVLql2mxWsmnc=',
          'err': 0,
        }),
        dict({
          'basename': 'Cijk_Alik_Bjlk_S_MX_B_Bias_HA_S_SAV_UserArgs_MT1vxil4EIHlKWX4NEuo0YTupFj2w0dfnxKfgTN4Uw0d0w=',
          'err': 0,
        }),
      ]),
    }),
    dict({
      'file': 'MX.yaml',
      'kernels': list([
        dict({
          'basename': 'Cijk_Ailk_Bljk_S_MX_B_Bias_HA_S_SAV_UserArgs_MT3v1reSN_kr8DlzHOIXX_3k_IUNnFLZGCVsl4rnUYLc3s=',
          'err': 0,
        }),
      ]),
    }),
    dict({
      'file': 'SB_Bias_Aux.yaml',
      'kernels': list([
        dict({
          'basename': 'Cijk_Ailk_Bjlk_S_B_Bias_AuxS_HA_S_SAV_UserArgs_Mk8r91wBeP0oLSvxEoF-I6KgkiY1hzt00X-flcDkIno8=',
          'err': 0,
        }),
      ]),
    }),
  ])
# ---
