# serializer version: 1
# name: test_r2_mac_hhs_dot2_golden
  list([
    dict({
      'basename': 'Cijk_Alik_Bljk_HHS_BH_UserArgs_MT16x32x16_SN_LDSktHYQlLIe_io9uzFJYV5hvztqGY6uoDqheisc-Z-CQc=',
      'err': 0,
    }),
    dict({
      'basename': 'Cijk_Alik_Bljk_HHS_BH_UserArgs_MT16x64x16_SN_LDSngHJqUa-7Z9AtnaQkCfdoAYGNMtseB-eVQG5blWkPe0=',
      'err': 0,
    }),
    dict({
      'basename': 'Cijk_Alik_Bljk_HHS_BH_UserArgs_MT32x32x16_SN_LDS9v3mi9oBmz5I7BS8swfYqqQN5v04f3qJbCax_Cq9MvQ=',
      'err': 0,
    }),
    dict({
      'basename': 'Cijk_Alik_Bljk_HHS_BH_UserArgs_MT32x64x16_SN_LDSr7jvmAcaWnA9e6OrSm0QZBUwkk8eJQb8ceP8H17GvA0=',
      'err': 0,
    }),
    dict({
      'basename': 'Cijk_Alik_Bljk_HHS_BH_UserArgs_MT64x32x16_SN_LDShzhObaCvRLolZA5g0VjAxYqMwEf0J7DZKCl1VkNcvvU=',
      'err': 0,
    }),
    dict({
      'basename': 'Cijk_Alik_Bljk_HHS_BH_UserArgs_MT8x64x16_SN_LDSB9DJ4DFqrDO9ObZ0LMn76bTK_m8DgxuHknz_SSwfKTPs=',
      'err': 0,
    }),
  ])
# ---
