# serializer version: 1
# name: test_gfx1250_emit_digests
  list([
    dict({
      'file': 'BBS.yaml',
      'kernels': list([
        dict({
          'basename': 'Cijk_Ailk_Bjlk_BBS_BH_Bias_A_UserArgs_MT16x16x32fskvF-LdB9pCDb5Lk-YWNWT7yA1ZpgoZCFaV4S_LkaU=',
          'err': 0,
        }),
      ]),
    }),
    dict({
      'file': 'F4_MX.yaml',
      'kernels': list([
        dict({
          'basename': 'Cijk_Alik_Bljk_F4BS_MXAE8B32_MXBE8B32_BH_Bias_HAuVSexCu7NbiS_hMe_6fkxQ6QFaiFgTbZA-MnUSCg0NM=',
          'err': 0,
        }),
      ]),
    }),
    dict({
      'file': 'HHS.yaml',
      'kernels': list([
        dict({
          'basename': 'Cijk_Ailk_Bjlk_HHS_BH_Bias_A_UserArgs_MT16x16x32fskvF-LdB9pCDb5Lk-YWNWT7yA1ZpgoZCFaV4S_LkaU=',
          'err': 0,
        }),
      ]),
    }),
    dict({
      'file': 'SB.yaml',
      'kernels': list([
        dict({
          'basename': 'Cijk_Ailk_Bjlk_S_MX_B_Bias_SB_HA_S_SAB_SAV_UserAkNup8pM1Q7eqjciJzU8wtg4ohn_FHaMlYaCGFoZKsWE=',
          'err': 0,
        }),
      ]),
    }),
  ])
# ---
