# serializer version: 1
# name: test_r4_shiftvector2_golden
  list([
    dict({
      'basename': 'Cijk_Ailk_Bjlk_S_B_UserArgs_MT128x64x16_SN_LDSB0cpTLakS5pBsOjvIqONKoxEnFWj2OStRESZi_W5GNUfg=',
      'err': 0,
    }),
    dict({
      'basename': 'Cijk_Ailk_Bjlk_S_B_UserArgs_MT64x128x16_SN_LDSB07NEbxnIKWhJFBTer4G8mAo7M9KXd8yyUWSgZ8sxSiUQ=',
      'err': 0,
    }),
    dict({
      'basename': 'Cijk_Ailk_Bjlk_S_B_UserArgs_MT64x64x16_SN_LDSB0_kpznmTOlwvXU9I81jXTwAm4PIxF-Mi5iN2LWzSoJvfo=',
      'err': 0,
    }),
  ])
# ---
