# serializer version: 1
# name: test_r2_store_gfx942_golden
  list([
    dict({
      'basename': 'Cijk_Alik_Bljk_BBS_BH_Bias_SAV_UserArgs_MT64x16xHrLUf9oJusha_OLf_0Hf-hi5tOHN-xS5fUA_hK03gfE=',
      'err': 0,
    }),
    dict({
      'basename': 'Cijk_Alik_Bljk_BBS_BH_Bias_SAV_UserArgs_MT64x16xLGx7-Y2M1u2LKFYxqsZ-lWK0AJ422Dxb9dpHq8go4Yg=',
      'err': 0,
    }),
    dict({
      'basename': 'Cijk_Alik_Bljk_BBS_BH_Bias_SAV_UserArgs_MT64x16xjjpoTSMzs8AIpzYI-FPZ9M047InyaYG0FzxGGDBLRAE=',
      'err': 0,
    }),
    dict({
      'basename': 'Cijk_Alik_Bljk_BBS_BH_Bias_SAV_UserArgs_MT64x16xuYhuan24ICcO2xBgSRs45QT4UBBMSlAL-kTZpzBBylE=',
      'err': 0,
    }),
  ])
# ---
